@main {
  x: int = const 4;
  copy1: int = id x;
  copy2: int = id x;
  copy3: int = id x;
  print x;
}
