@main {
  a: int = const 4;
  b: int = const 2;
  sum1: int = const 6;
  sum2: int = id sum1;
  jmp .label;
.label:
  prod: int = mul sum1 sum2;
  print prod;
}
