main:
  l1f6f3:
    in: ∅
    out: a
  left:
    in: a
    out: a, c
  right:
    in: ∅
    out: a, c
  end:
    in: a, c
    out: ∅
