main:
  l1f6f3:
    in: âˆ…
    out: i, result
  header:
    in: i, result
    out: i, result
  body:
    in: i, result
    out: i, result
  end:
    in: result
    out: âˆ…
