In-degrees summary:
    5 blocks with 0 incoming edges.
    4 blocks with 2 incoming edges.
    4 blocks with 1 incoming edges.
Out-degrees summary:
    5 blocks with 0 outgoing edges.
    4 blocks with 1 outgoing edges.
    4 blocks with 2 outgoing edges.
